Archive member included to satisfy reference by file (symbol)

C:/Program Files/STM32CubeIDE/STM32CubeIDE/plugins/com.st.stm32cube.ide.mcu.externaltools.gnu-tools-for-stm32.12.3.rel1.win32_1.0.100.202403111256/tools/bin/../lib/gcc/arm-none-eabi/12.3.1/../../../../arm-none-eabi/lib/thumb/v7-m/nofp\libc_nano.a(libc_a-exit.o)
                              C:/Program Files/STM32CubeIDE/STM32CubeIDE/plugins/com.st.stm32cube.ide.mcu.externaltools.gnu-tools-for-stm32.12.3.rel1.win32_1.0.100.202403111256/tools/bin/../lib/gcc/arm-none-eabi/12.3.1/../../../../arm-none-eabi/lib/thumb/v7-m/nofp/crt0.o (exit)
C:/Program Files/STM32CubeIDE/STM32CubeIDE/plugins/com.st.stm32cube.ide.mcu.externaltools.gnu-tools-for-stm32.12.3.rel1.win32_1.0.100.202403111256/tools/bin/../lib/gcc/arm-none-eabi/12.3.1/../../../../arm-none-eabi/lib/thumb/v7-m/nofp\libc_nano.a(libc_a-findfp.o)
                              C:/Program Files/STM32CubeIDE/STM32CubeIDE/plugins/com.st.stm32cube.ide.mcu.externaltools.gnu-tools-for-stm32.12.3.rel1.win32_1.0.100.202403111256/tools/bin/../lib/gcc/arm-none-eabi/12.3.1/../../../../arm-none-eabi/lib/thumb/v7-m/nofp\libc_nano.a(libc_a-exit.o) (__stdio_exit_handler)
C:/Program Files/STM32CubeIDE/STM32CubeIDE/plugins/com.st.stm32cube.ide.mcu.externaltools.gnu-tools-for-stm32.12.3.rel1.win32_1.0.100.202403111256/tools/bin/../lib/gcc/arm-none-eabi/12.3.1/../../../../arm-none-eabi/lib/thumb/v7-m/nofp\libc_nano.a(libc_a-fwalk.o)
                              C:/Program Files/STM32CubeIDE/STM32CubeIDE/plugins/com.st.stm32cube.ide.mcu.externaltools.gnu-tools-for-stm32.12.3.rel1.win32_1.0.100.202403111256/tools/bin/../lib/gcc/arm-none-eabi/12.3.1/../../../../arm-none-eabi/lib/thumb/v7-m/nofp\libc_nano.a(libc_a-findfp.o) (_fwalk_sglue)
C:/Program Files/STM32CubeIDE/STM32CubeIDE/plugins/com.st.stm32cube.ide.mcu.externaltools.gnu-tools-for-stm32.12.3.rel1.win32_1.0.100.202403111256/tools/bin/../lib/gcc/arm-none-eabi/12.3.1/../../../../arm-none-eabi/lib/thumb/v7-m/nofp\libc_nano.a(libc_a-stdio.o)
                              C:/Program Files/STM32CubeIDE/STM32CubeIDE/plugins/com.st.stm32cube.ide.mcu.externaltools.gnu-tools-for-stm32.12.3.rel1.win32_1.0.100.202403111256/tools/bin/../lib/gcc/arm-none-eabi/12.3.1/../../../../arm-none-eabi/lib/thumb/v7-m/nofp\libc_nano.a(libc_a-findfp.o) (__sread)
C:/Program Files/STM32CubeIDE/STM32CubeIDE/plugins/com.st.stm32cube.ide.mcu.externaltools.gnu-tools-for-stm32.12.3.rel1.win32_1.0.100.202403111256/tools/bin/../lib/gcc/arm-none-eabi/12.3.1/../../../../arm-none-eabi/lib/thumb/v7-m/nofp\libc_nano.a(libc_a-memset.o)
                              C:/Program Files/STM32CubeIDE/STM32CubeIDE/plugins/com.st.stm32cube.ide.mcu.externaltools.gnu-tools-for-stm32.12.3.rel1.win32_1.0.100.202403111256/tools/bin/../lib/gcc/arm-none-eabi/12.3.1/../../../../arm-none-eabi/lib/thumb/v7-m/nofp/crt0.o (memset)
C:/Program Files/STM32CubeIDE/STM32CubeIDE/plugins/com.st.stm32cube.ide.mcu.externaltools.gnu-tools-for-stm32.12.3.rel1.win32_1.0.100.202403111256/tools/bin/../lib/gcc/arm-none-eabi/12.3.1/../../../../arm-none-eabi/lib/thumb/v7-m/nofp\libc_nano.a(libc_a-closer.o)
                              C:/Program Files/STM32CubeIDE/STM32CubeIDE/plugins/com.st.stm32cube.ide.mcu.externaltools.gnu-tools-for-stm32.12.3.rel1.win32_1.0.100.202403111256/tools/bin/../lib/gcc/arm-none-eabi/12.3.1/../../../../arm-none-eabi/lib/thumb/v7-m/nofp\libc_nano.a(libc_a-stdio.o) (_close_r)
C:/Program Files/STM32CubeIDE/STM32CubeIDE/plugins/com.st.stm32cube.ide.mcu.externaltools.gnu-tools-for-stm32.12.3.rel1.win32_1.0.100.202403111256/tools/bin/../lib/gcc/arm-none-eabi/12.3.1/../../../../arm-none-eabi/lib/thumb/v7-m/nofp\libc_nano.a(libc_a-reent.o)
                              C:/Program Files/STM32CubeIDE/STM32CubeIDE/plugins/com.st.stm32cube.ide.mcu.externaltools.gnu-tools-for-stm32.12.3.rel1.win32_1.0.100.202403111256/tools/bin/../lib/gcc/arm-none-eabi/12.3.1/../../../../arm-none-eabi/lib/thumb/v7-m/nofp\libc_nano.a(libc_a-closer.o) (errno)
C:/Program Files/STM32CubeIDE/STM32CubeIDE/plugins/com.st.stm32cube.ide.mcu.externaltools.gnu-tools-for-stm32.12.3.rel1.win32_1.0.100.202403111256/tools/bin/../lib/gcc/arm-none-eabi/12.3.1/../../../../arm-none-eabi/lib/thumb/v7-m/nofp\libc_nano.a(libc_a-impure.o)
                              C:/Program Files/STM32CubeIDE/STM32CubeIDE/plugins/com.st.stm32cube.ide.mcu.externaltools.gnu-tools-for-stm32.12.3.rel1.win32_1.0.100.202403111256/tools/bin/../lib/gcc/arm-none-eabi/12.3.1/../../../../arm-none-eabi/lib/thumb/v7-m/nofp\libc_nano.a(libc_a-reent.o) (_impure_ptr)
C:/Program Files/STM32CubeIDE/STM32CubeIDE/plugins/com.st.stm32cube.ide.mcu.externaltools.gnu-tools-for-stm32.12.3.rel1.win32_1.0.100.202403111256/tools/bin/../lib/gcc/arm-none-eabi/12.3.1/../../../../arm-none-eabi/lib/thumb/v7-m/nofp\libc_nano.a(libc_a-lseekr.o)
[...]
Memory Configuration

Name             Origin             Length             Attributes
RAM              0x20000000         0x00005000         xrw
FLASH            0x08000000         0x00010000         xr
*default*        0x00000000         0xffffffff

Linker script and memory map

LOAD C:/Program Files/STM32CubeIDE/STM32CubeIDE/plugins/com.st.stm32cube.ide.mcu.externaltools.gnu-tools-for-stm32.12.3.rel1.win32_1.0.100.202403111256/tools/bin/../lib/gcc/arm-none-eabi/12.3.1/thumb/v7-m/nofp/crti.o
LOAD C:/Program Files/STM32CubeIDE/STM32CubeIDE/plugins/com.st.stm32cube.ide.mcu.externaltools.gnu-tools-for-stm32.12.3.rel1.win32_1.0.100.202403111256/tools/bin/../lib/gcc/arm-none-eabi/12.3.1/thumb/v7-m/nofp/crtbegin.o
LOAD C:/Program Files/STM32CubeIDE/STM32CubeIDE/plugins/com.st.stm32cube.ide.mcu.externaltools.gnu-tools-for-stm32.12.3.rel1.win32_1.0.100.202403111256/tools/bin/../lib/gcc/arm-none-eabi/12.3.1/../../../../arm-none-eabi/lib/thumb/v7-m/nofp/crt0.o
LOAD ./Src/common.o
LOAD ./Src/delayMs.o
LOAD ./Src/main.o
LOAD ./Src/stepperMotor.o
LOAD ./Src/syscalls.o
LOAD ./Src/sysmem.o
LOAD ./Src/userLed.o
LOAD ./Startup/startup_stm32f103c8tx.o
START GROUP
LOAD C:/Program Files/STM32CubeIDE/STM32CubeIDE/plugins/com.st.stm32cube.ide.mcu.externaltools.gnu-tools-for-stm32.12.3.rel1.win32_1.0.100.202403111256/tools/bin/../lib/gcc/arm-none-eabi/12.3.1/../../../../arm-none-eabi/lib/thumb/v7-m/nofp\libc_nano.a
LOAD C:/Program Files/STM32CubeIDE/STM32CubeIDE/plugins/com.st.stm32cube.ide.mcu.externaltools.gnu-tools-for-stm32.12.3.rel1.win32_1.0.100.202403111256/tools/bin/../lib/gcc/arm-none-eabi/12.3.1/../../../../arm-none-eabi/lib/thumb/v7-m/nofp\libm.a
END GROUP
START GROUP
LOAD C:/Program Files/STM32CubeIDE/STM32CubeIDE/plugins/com.st.stm32cube.ide.mcu.externaltools.gnu-tools-for-stm32.12.3.rel1.win32_1.0.100.202403111256/tools/bin/../lib/gcc/arm-none-eabi/12.3.1/thumb/v7-m/nofp\libgcc.a
LOAD C:/Program Files/STM32CubeIDE/STM32CubeIDE/plugins/com.st.stm32cube.ide.mcu.externaltools.gnu-tools-for-stm32.12.3.rel1.win32_1.0.100.202403111256/tools/bin/../lib/gcc/arm-none-eabi/12.3.1/../../../../arm-none-eabi/lib/thumb/v7-m/nofp\libc_nano.a
END GROUP
START GROUP
LOAD C:/Program Files/STM32CubeIDE/STM32CubeIDE/plugins/com.st.stm32cube.ide.mcu.externaltools.gnu-tools-for-stm32.12.3.rel1.win32_1.0.100.202403111256/tools/bin/../lib/gcc/arm-none-eabi/12.3.1/thumb/v7-m/nofp\libgcc.a
LOAD C:/Program Files/STM32CubeIDE/STM32CubeIDE/plugins/com.st.stm32cube.ide.mcu.externaltools.gnu-tools-for-stm32.12.3.rel1.win32_1.0.100.202403111256/tools/bin/../lib/gcc/arm-none-eabi/12.3.1/../../../../arm-none-eabi/lib/thumb/v7-m/nofp\libc_nano.a
LOAD C:/Program Files/STM32CubeIDE/STM32CubeIDE/plugins/com.st.stm32cube.ide.mcu.externaltools.gnu-tools-for-stm32.12.3.rel1.win32_1.0.100.202403111256/tools/bin/../lib/gcc/arm-none-eabi/12.3.1/../../../../arm-none-eabi/lib/thumb/v7-m/nofp\libnosys.a
END GROUP
START GROUP
LOAD C:/Program Files/STM32CubeIDE/STM32CubeIDE/plugins/com.st.stm32cube.ide.mcu.externaltools.gnu-tools-for-stm32.12.3.rel1.win32_1.0.100.202403111256/tools/bin/../lib/gcc/arm-none-eabi/12.3.1/thumb/v7-m/nofp\libgcc.a
LOAD C:/Program Files/STM32CubeIDE/STM32CubeIDE/plugins/com.st.stm32cube.ide.mcu.externaltools.gnu-tools-for-stm32.12.3.rel1.win32_1.0.100.202403111256/tools/bin/../lib/gcc/arm-none-eabi/12.3.1/../../../../arm-none-eabi/lib/thumb/v7-m/nofp\libc_nano.a
LOAD C:/Program Files/STM32CubeIDE/STM32CubeIDE/plugins/com.st.stm32cube.ide.mcu.externaltools.gnu-tools-for-stm32.12.3.rel1.win32_1.0.100.202403111256/tools/bin/../lib/gcc/arm-none-eabi/12.3.1/../../../../arm-none-eabi/lib/thumb/v7-m/nofp\libnosys.a
END GROUP
LOAD C:/Program Files/STM32CubeIDE/STM32CubeIDE/plugins/com.st.stm32cube.ide.mcu.externaltools.gnu-tools-for-stm32.12.3.rel1.win32_1.0.100.202403111256/tools/bin/../lib/gcc/arm-none-eabi/12.3.1/thumb/v7-m/nofp/crtend.o
LOAD C:/Program Files/STM32CubeIDE/STM32CubeIDE/plugins/com.st.stm32cube.ide.mcu.externaltools.gnu-tools-for-stm32.12.3.rel1.win32_1.0.100.202403111256/tools/bin/../lib/gcc/arm-none-eabi/12.3.1/thumb/v7-m/nofp/crtn.o
                0x20005000                        _estack = (ORIGIN (RAM) + LENGTH (RAM))
                0x00000200                        _Min_Heap_Size = 0x200
                0x00000400                        _Min_Stack_Size = 0x400

.isr_vector     0x08000000      0x130
                0x08000000                        . = ALIGN (0x4)
 *(.isr_vector)
 .isr_vector    0x08000000      0x130 ./Startup/startup_stm32f103c8tx.o
                0x08000000                g_pfnVectors
                0x08000130                        . = ALIGN (0x4)

.text           0x08000130      0x91c
                0x08000130                        . = ALIGN (0x4)
 *(.text)
 .text          0x08000130       0x40 C:/Program Files/STM32CubeIDE/STM32CubeIDE/plugins/com.st.stm32cube.ide.mcu.externaltools.gnu-tools-for-stm32.12.3.rel1.win32_1.0.100.202403111256/tools/bin/../lib/gcc/arm-none-eabi/12.3.1/thumb/v7-m/nofp/crtbegin.o
 *(.text*)
 .text.cpuFreqInit
                0x08000170      0x27c ./Src/common.o
                0x08000170                cpuFreqInit
 .text.sysTickInit
                0x080003ec       0x6c ./Src/delayMs.o
                0x080003ec                sysTickInit
 .text.delayMs  0x08000458       0x40 ./Src/delayMs.o
                0x08000458                delayMs
 .text.SysTick_Handler
                0x08000498       0x1c ./Src/delayMs.o
                0x08000498                SysTick_Handler
 .text.__NVIC_SystemReset
                0x080004b4       0x2c ./Src/main.o
 .text.main     0x080004e0       0xba ./Src/main.o
                0x080004e0                main
 *fill*         0x0800059a        0x2 
 .text.__NVIC_EnableIRQ
                0x0800059c       0x38 ./Src/stepperMotor.o
 .text.stepperABEnable
                0x080005d4       0x2c ./Src/stepperMotor.o
                0x080005d4                stepperABEnable
 .text.steppersABDisable
                0x08000600       0x2c ./Src/stepperMotor.o
                0x08000600                steppersABDisable
 .text.stepperABInit
                0x0800062c      0x114 ./Src/stepperMotor.o
                0x0800062c                stepperABInit
 .text.stepperASetSpeed
                0x08000740       0x8c ./Src/stepperMotor.o
                0x08000740                stepperASetSpeed
 .text.stepperBSetSpeed
                0x080007cc       0x84 ./Src/stepperMotor.o
                0x080007cc                stepperBSetSpeed
 .text.stepperASetDir
                0x08000850       0x34 ./Src/stepperMotor.o
                0x08000850                stepperASetDir
 .text.stepperBSetDir
                0x08000884       0x30 ./Src/stepperMotor.o
                0x08000884                stepperBSetDir
 .text.TIM2_IRQHandler
                0x080008b4       0x3c ./Src/stepperMotor.o
                0x080008b4                TIM2_IRQHandler
 .text.TIM3_IRQHandler
                0x080008f0       0x38 ./Src/stepperMotor.o
                0x080008f0                TIM3_IRQHandler
 .text.stepperABMove
                0x08000928       0x38 ./Src/stepperMotor.o
                0x08000928                stepperABMove
 .text.userLedInit
                0x08000960       0x38 ./Src/userLed.o
                0x08000960                userLedInit
 .text.Reset_Handler
                0x08000998       0x50 ./Startup/startup_stm32f103c8tx.o
                0x08000998                Reset_Handler
 .text.Default_Handler
                0x080009e8        0x2 ./Startup/startup_stm32f103c8tx.o
                0x080009e8                EXTI2_IRQHandler
                0x080009e8                TIM8_TRG_COM_IRQHandler
                0x080009e8                TIM8_CC_IRQHandler
                0x080009e8                DebugMon_Handler
                0x080009e8                TIM1_CC_IRQHandler
                0x080009e8                HardFault_Handler
                0x080009e8                TIM6_IRQHandler
                0x080009e8                PVD_IRQHandler
                0x080009e8                SDIO_IRQHandler
                0x080009e8                PendSV_Handler
                0x080009e8                NMI_Handler
                0x080009e8                EXTI3_IRQHandler
                0x080009e8                USB_HP_CAN_TX_IRQHandler
                0x080009e8                EXTI0_IRQHandler
                0x080009e8                I2C2_EV_IRQHandler
                0x080009e8                UsageFault_Handler
                0x080009e8                ADC1_2_IRQHandler
                0x080009e8                SPI1_IRQHandler
                0x080009e8                CAN_SCE_IRQHandler
                0x080009e8                TAMPER_IRQHandler
                0x080009e8                TIM8_UP_IRQHandler
                0x080009e8                DMA2_Channel2_IRQHandler
                0x080009e8                DMA1_Channel4_IRQHandler
                0x080009e8                USART3_IRQHandler
                0x080009e8                RTC_IRQHandler
                0x080009e8                DMA1_Channel7_IRQHandler
                0x080009e8                UART5_IRQHandler
                0x080009e8                ADC3_IRQHandler
                0x080009e8                TIM4_IRQHandler
                0x080009e8                CAN_RX1_IRQHandler
                0x080009e8                DMA2_Channel1_IRQHandler
                0x080009e8                I2C1_EV_IRQHandler
                0x080009e8                DMA1_Channel6_IRQHandler
                0x080009e8                UART4_IRQHandler
                0x080009e8                RCC_IRQHandler
                0x080009e8                TIM1_TRG_COM_IRQHandler
                0x080009e8                DMA1_Channel1_IRQHandler
                0x080009e8                Default_Handler
                0x080009e8                EXTI15_10_IRQHandler
                0x080009e8                TIM7_IRQHandler
                0x080009e8                TIM5_IRQHandler
                0x080009e8                EXTI9_5_IRQHandler
                0x080009e8                SPI2_IRQHandler
                0x080009e8                USB_LP_CAN_RX0_IRQHandler
                0x080009e8                MemManage_Handler
                0x080009e8                SVC_Handler
                0x080009e8                DMA1_Channel5_IRQHandler
                0x080009e8                EXTI4_IRQHandler
                0x080009e8                DMA1_Channel3_IRQHandler
                0x080009e8                FSMC_IRQHandler
                0x080009e8                TIM1_UP_IRQHandler
                0x080009e8                WWDG_IRQHandler
                0x080009e8                TIM1_BRK_IRQHandler
                0x080009e8                EXTI1_IRQHandler
                0x080009e8                RTCAlarm_IRQHandler
                0x080009e8                DMA2_Channel4_5_IRQHandler
                0x080009e8                USART2_IRQHandler
                0x080009e8                I2C2_ER_IRQHandler
                0x080009e8                DMA1_Channel2_IRQHandler
                0x080009e8                TIM8_BRK_IRQHandler
                0x080009e8                FLASH_IRQHandler
                0x080009e8                BusFault_Handler
                0x080009e8                USART1_IRQHandler
                0x080009e8                SPI3_IRQHandler
                0x080009e8                I2C1_ER_IRQHandler
                0x080009e8                DMA2_Channel3_IRQHandler
 *fill*         0x080009ea        0x2 
 .text.__libc_init_array
                0x080009ec       0x48 C:/Program Files/STM32CubeIDE/STM32CubeIDE/plugins/com.st.stm32cube.ide.mcu.externaltools.gnu-tools-for-stm32.12.3.rel1.win32_1.0.100.202403111256/tools/bin/../lib/gcc/arm-none-eabi/12.3.1/../../../../arm-none-eabi/lib/thumb/v7-m/nofp\libc_nano.a(libc_a-init.o)
                0x080009ec                __libc_init_array
 *(.glue_7)
 .glue_7        0x08000a34        0x0 linker stubs
 *(.glue_7t)
 .glue_7t       0x08000a34        0x0 linker stubs
 *(.eh_frame)
 .eh_frame      0x08000a34        0x0 C:/Program Files/STM32CubeIDE/STM32CubeIDE/plugins/com.st.stm32cube.ide.mcu.externaltools.gnu-tools-for-stm32.12.3.rel1.win32_1.0.100.202403111256/tools/bin/../lib/gcc/arm-none-eabi/12.3.1/thumb/v7-m/nofp/crtbegin.o
 *(.init)
 .init          0x08000a34        0x4 C:/Program Files/STM32CubeIDE/STM32CubeIDE/plugins/com.st.stm32cube.ide.mcu.externaltools.gnu-tools-for-stm32.12.3.rel1.win32_1.0.100.202403111256/tools/bin/../lib/gcc/arm-none-eabi/12.3.1/thumb/v7-m/nofp/crti.o
                0x08000a34                _init
 .init          0x08000a38        0x8 C:/Program Files/STM32CubeIDE/STM32CubeIDE/plugins/com.st.stm32cube.ide.mcu.externaltools.gnu-tools-for-stm32.12.3.rel1.win32_1.0.100.202403111256/tools/bin/../lib/gcc/arm-none-eabi/12.3.1/thumb/v7-m/nofp/crtn.o
 *(.fini)
 .fini          0x08000a40        0x4 C:/Program Files/STM32CubeIDE/STM32CubeIDE/plugins/com.st.stm32cube.ide.mcu.externaltools.gnu-tools-for-stm32.12.3.rel1.win32_1.0.100.202403111256/tools/bin/../lib/gcc/arm-none-eabi/12.3.1/thumb/v7-m/nofp/crti.o
                0x08000a40                _fini
 .fini          0x08000a44        0x8 C:/Program Files/STM32CubeIDE/STM32CubeIDE/plugins/com.st.stm32cube.ide.mcu.externaltools.gnu-tools-for-stm32.12.3.rel1.win32_1.0.100.202403111256/tools/bin/../lib/gcc/arm-none-eabi/12.3.1/thumb/v7-m/nofp/crtn.o
                0x08000a4c                        . = ALIGN (0x4)
                0x08000a4c                        _etext = .

.vfp11_veneer   0x08000a4c        0x0
 .vfp11_veneer  0x08000a4c        0x0 linker stubs

.v4_bx          0x08000a4c        0x0
 .v4_bx         0x08000a4c        0x0 linker stubs

.iplt           0x08000a4c        0x0
 .iplt          0x08000a4c        0x0 C:/Program Files/STM32CubeIDE/STM32CubeIDE/plugins/com.st.stm32cube.ide.mcu.externaltools.gnu-tools-for-stm32.12.3.rel1.win32_1.0.100.202403111256/tools/bin/../lib/gcc/arm-none-eabi/12.3.1/thumb/v7-m/nofp/crtbegin.o

.rodata         0x08000a4c        0x0
                0x08000a4c                        . = ALIGN (0x4)
 *(.rodata)
 *(.rodata*)
                0x08000a4c                        . = ALIGN (0x4)

.ARM.extab      0x08000a4c        0x0
                0x08000a4c                        . = ALIGN (0x4)
 *(.ARM.extab* .gnu.linkonce.armextab.*)
                0x08000a4c                        . = ALIGN (0x4)

.ARM            0x08000a4c        0x0
                0x08000a4c                        . = ALIGN (0x4)
                0x08000a4c                        __exidx_start = .
 *(.ARM.exidx*)
                0x08000a4c                        __exidx_end = .
                0x08000a4c                        . = ALIGN (0x4)

.preinit_array  0x08000a4c        0x0
                0x08000a4c                        . = ALIGN (0x4)
                0x08000a4c                        PROVIDE (__preinit_array_start = .)
 *(.preinit_array*)
                0x08000a4c                        PROVIDE (__preinit_array_end = .)
                0x08000a4c                        . = ALIGN (0x4)

.init_array     0x08000a4c        0x4
                0x08000a4c                        . = ALIGN (0x4)
                0x08000a4c                        PROVIDE (__init_array_start = .)
 *(SORT_BY_NAME(.init_array.*))
 *(.init_array*)
 .init_array    0x08000a4c        0x4 C:/Program Files/STM32CubeIDE/STM32CubeIDE/plugins/com.st.stm32cube.ide.mcu.externaltools.gnu-tools-for-stm32.12.3.rel1.win32_1.0.100.202403111256/tools/bin/../lib/gcc/arm-none-eabi/12.3.1/thumb/v7-m/nofp/crtbegin.o
                0x08000a50                        PROVIDE (__init_array_end = .)
                0x08000a50                        . = ALIGN (0x4)

.fini_array     0x08000a50        0x4
                0x08000a50                        . = ALIGN (0x4)
                [!provide]                        PROVIDE (__fini_array_start = .)
 *(SORT_BY_NAME(.fini_array.*))
 *(.fini_array*)
 .fini_array    0x08000a50        0x4 C:/Program Files/STM32CubeIDE/STM32CubeIDE/plugins/com.st.stm32cube.ide.mcu.externaltools.gnu-tools-for-stm32.12.3.rel1.win32_1.0.100.202403111256/tools/bin/../lib/gcc/arm-none-eabi/12.3.1/thumb/v7-m/nofp/crtbegin.o
                [!provide]                        PROVIDE (__fini_array_end = .)
                0x08000a54                        . = ALIGN (0x4)
                0x08000a54                        _sidata = LOADADDR (.data)

.rel.dyn        0x08000a54        0x0
 .rel.iplt      0x08000a54        0x0 C:/Program Files/STM32CubeIDE/STM32CubeIDE/plugins/com.st.stm32cube.ide.mcu.externaltools.gnu-tools-for-stm32.12.3.rel1.win32_1.0.100.202403111256/tools/bin/../lib/gcc/arm-none-eabi/12.3.1/thumb/v7-m/nofp/crtbegin.o

.data           0x20000000        0x0 load address 0x08000a54
                0x20000000                        . = ALIGN (0x4)
                0x20000000                        _sdata = .
 *(.data)
 *(.data*)
 *(.RamFunc)
 *(.RamFunc*)
                0x20000000                        . = ALIGN (0x4)
                0x20000000                        _edata = .

.igot.plt       0x20000000        0x0 load address 0x08000a54
 .igot.plt      0x20000000        0x0 C:/Program Files/STM32CubeIDE/STM32CubeIDE/plugins/com.st.stm32cube.ide.mcu.externaltools.gnu-tools-for-stm32.12.3.rel1.win32_1.0.100.202403111256/tools/bin/../lib/gcc/arm-none-eabi/12.3.1/thumb/v7-m/nofp/crtbegin.o
                0x20000000                        . = ALIGN (0x4)

.bss            0x20000000       0x24 load address 0x08000a54
                0x20000000                        _sbss = .
                0x20000000                        __bss_start__ = _sbss
 *(.bss)
 .bss           0x20000000       0x1c C:/Program Files/STM32CubeIDE/STM32CubeIDE/plugins/com.st.stm32cube.ide.mcu.externaltools.gnu-tools-for-stm32.12.3.rel1.win32_1.0.100.202403111256/tools/bin/../lib/gcc/arm-none-eabi/12.3.1/thumb/v7-m/nofp/crtbegin.o
 *(.bss*)
 .bss.cpuFreqSourceChoosen
                0x2000001c        0x1 ./Src/common.o
                0x2000001c                cpuFreqSourceChoosen
 .bss.sysTickInitDone
                0x2000001d        0x1 ./Src/delayMs.o
 *fill*         0x2000001e        0x2 
 .bss.msCounter
                0x20000020        0x4 ./Src/delayMs.o
                0x20000020                msCounter
 *(COMMON)
                0x20000024                        . = ALIGN (0x4)
                0x20000024                        _ebss = .
                0x20000024                        __bss_end__ = _ebss

._user_heap_stack
                0x20000024      0x604 load address 0x08000a54
                0x20000028                        . = ALIGN (0x8)
 *fill*         0x20000024        0x4 
                [!provide]                        PROVIDE (end = .)
                0x20000028                        PROVIDE (_end = .)
                0x20000228                        . = (. + _Min_Heap_Size)
 *fill*         0x20000028      0x200 
                0x20000628                        . = (. + _Min_Stack_Size)
 *fill*         0x20000228      0x400 
                0x20000628                        . = ALIGN (0x8)

/DISCARD/
 libc.a(*)
 libm.a(*)
 libgcc.a(*)

.ARM.attributes
                0x00000000       0x29
 *(.ARM.attributes)
 .ARM.attributes
                0x00000000       0x1d C:/Program Files/STM32CubeIDE/STM32CubeIDE/plugins/com.st.stm32cube.ide.mcu.externaltools.gnu-tools-for-stm32.12.3.rel1.win32_1.0.100.202403111256/tools/bin/../lib/gcc/arm-none-eabi/12.3.1/thumb/v7-m/nofp/crti.o
 .ARM.attributes
                0x0000001d       0x2d C:/Program Files/STM32CubeIDE/STM32CubeIDE/plugins/com.st.stm32cube.ide.mcu.externaltools.gnu-tools-for-stm32.12.3.rel1.win32_1.0.100.202403111256/tools/bin/../lib/gcc/arm-none-eabi/12.3.1/thumb/v7-m/nofp/crtbegin.o
 .ARM.attributes
                0x0000004a       0x2d ./Src/common.o
 .ARM.attributes
                0x00000077       0x2d ./Src/delayMs.o
 .ARM.attributes
                0x000000a4       0x2d ./Src/main.o
 .ARM.attributes
                0x000000d1       0x2d ./Src/stepperMotor.o
 .ARM.attributes
                0x000000fe       0x2d ./Src/userLed.o
 .ARM.attributes
                0x0000012b       0x21 ./Startup/startup_stm32f103c8tx.o
 .ARM.attributes
                0x0000014c       0x2d C:/Program Files/STM32CubeIDE/STM32CubeIDE/plugins/com.st.stm32cube.ide.mcu.externaltools.gnu-tools-for-stm32.12.3.rel1.win32_1.0.100.202403111256/tools/bin/../lib/gcc/arm-none-eabi/12.3.1/../../../../arm-none-eabi/lib/thumb/v7-m/nofp\libc_nano.a(libc_a-init.o)
 .ARM.attributes
                0x00000179       0x1d C:/Program Files/STM32CubeIDE/STM32CubeIDE/plugins/com.st.stm32cube.ide.mcu.externaltools.gnu-tools-for-stm32.12.3.rel1.win32_1.0.100.202403111256/tools/bin/../lib/gcc/arm-none-eabi/12.3.1/thumb/v7-m/nofp/crtn.o
OUTPUT(f103_balanceBotV2.elf elf32-littlearm)
LOAD linker stubs
LOAD C:/Program Files/STM32CubeIDE/STM32CubeIDE/plugins/com.st.stm32cube.ide.mcu.externaltools.gnu-tools-for-stm32.12.3.rel1.win32_1.0.100.202403111256/tools/bin/../lib/gcc/arm-none-eabi/12.3.1/../../../../arm-none-eabi/lib/thumb/v7-m/nofp\libc.a
LOAD C:/Program Files/STM32CubeIDE/STM32CubeIDE/plugins/com.st.stm32cube.ide.mcu.externaltools.gnu-tools-for-stm32.12.3.rel1.win32_1.0.100.202403111256/tools/bin/../lib/gcc/arm-none-eabi/12.3.1/../../../../arm-none-eabi/lib/thumb/v7-m/nofp\libm.a
LOAD C:/Program Files/STM32CubeIDE/STM32CubeIDE/plugins/com.st.stm32cube.ide.mcu.externaltools.gnu-tools-for-stm32.12.3.rel1.win32_1.0.100.202403111256/tools/bin/../lib/gcc/arm-none-eabi/12.3.1/thumb/v7-m/nofp\libgcc.a

.debug_info     0x00000000     0x100d
 .debug_info    0x00000000      0x200 ./Src/common.o
 .debug_info    0x00000200      0x172 ./Src/delayMs.o
 .debug_info    0x00000372      0x34b ./Src/main.o
 .debug_info    0x000006bd      0x760 ./Src/stepperMotor.o
 .debug_info    0x00000e1d      0x1c0 ./Src/userLed.o
 .debug_info    0x00000fdd       0x30 ./Startup/startup_stm32f103c8tx.o

.debug_abbrev   0x00000000      0x61a
 .debug_abbrev  0x00000000       0xdc ./Src/common.o
 .debug_abbrev  0x000000dc      0x109 ./Src/delayMs.o
 .debug_abbrev  0x000001e5      0x16b ./Src/main.o
 .debug_abbrev  0x00000350      0x1d7 ./Src/stepperMotor.o
 .debug_abbrev  0x00000527       0xcf ./Src/userLed.o
 .debug_abbrev  0x000005f6       0x24 ./Startup/startup_stm32f103c8tx.o

.debug_aranges  0x00000000      0x138
 .debug_aranges
                0x00000000       0x20 ./Src/common.o
 .debug_aranges
                0x00000020       0x30 ./Src/delayMs.o
 .debug_aranges
                0x00000050       0x28 ./Src/main.o
 .debug_aranges
                0x00000078       0x70 ./Src/stepperMotor.o
 .debug_aranges
                0x000000e8       0x28 ./Src/userLed.o
 .debug_aranges
                0x00000110       0x28 ./Startup/startup_stm32f103c8tx.o

.debug_rnglists
                0x00000000       0xd1
 .debug_rnglists
                0x00000000       0x14 ./Src/common.o
 .debug_rnglists
                0x00000014       0x1f ./Src/delayMs.o
 .debug_rnglists
                0x00000033       0x1a ./Src/main.o
 .debug_rnglists
                0x0000004d       0x52 ./Src/stepperMotor.o
 .debug_rnglists
                0x0000009f       0x19 ./Src/userLed.o
 .debug_rnglists
                0x000000b8       0x19 ./Startup/startup_stm32f103c8tx.o

.debug_macro    0x00000000    0x10316
 .debug_macro   0x00000000       0xf5 ./Src/common.o
 .debug_macro   0x000000f5      0xaae ./Src/common.o
 .debug_macro   0x00000ba3       0x22 ./Src/common.o
 .debug_macro   0x00000bc5       0x8e ./Src/common.o
 .debug_macro   0x00000c53       0x51 ./Src/common.o
 .debug_macro   0x00000ca4      0x103 ./Src/common.o
 .debug_macro   0x00000da7       0x6a ./Src/common.o
 .debug_macro   0x00000e11      0x1df ./Src/common.o
 .debug_macro   0x00000ff0       0x22 ./Src/common.o
 .debug_macro   0x00001012       0x16 ./Src/common.o
 .debug_macro   0x00001028       0x22 ./Src/common.o
 .debug_macro   0x0000104a       0x1c ./Src/common.o
 .debug_macro   0x00001066       0x22 ./Src/common.o
 .debug_macro   0x00001088       0xbd ./Src/common.o
 .debug_macro   0x00001145      0xd23 ./Src/common.o
 .debug_macro   0x00001e68     0xe09e ./Src/common.o
 .debug_macro   0x0000ff06       0x10 ./Src/common.o
 .debug_macro   0x0000ff16       0x1c ./Src/common.o
 .debug_macro   0x0000ff32       0xf9 ./Src/delayMs.o
 .debug_macro   0x0001002b       0xeb ./Src/main.o
 .debug_macro   0x00010116       0x16 ./Src/main.o
 .debug_macro   0x0001012c       0xf5 ./Src/stepperMotor.o
 .debug_macro   0x00010221       0xf5 ./Src/userLed.o

.debug_line     0x00000000     0x1e66
 .debug_line    0x00000000      0x6cb ./Src/common.o
 .debug_line    0x000006cb      0x559 ./Src/delayMs.o
 .debug_line    0x00000c24      0x5ae ./Src/main.o
 .debug_line    0x000011d2      0x70f ./Src/stepperMotor.o
 .debug_line    0x000018e1      0x50a ./Src/userLed.o
 .debug_line    0x00001deb       0x7b ./Startup/startup_stm32f103c8tx.o

.debug_str      0x00000000    0x543fb
 .debug_str     0x00000000    0x53e82 ./Src/common.o
                              0x540b7 (size before relaxing)
 .debug_str     0x00053e82       0x72 ./Src/delayMs.o
                              0x54091 (size before relaxing)
 .debug_str     0x00053ef4       0xaf ./Src/main.o
                              0x540e0 (size before relaxing)
 .debug_str     0x00053fa3      0x3f4 ./Src/stepperMotor.o
                              0x5450b (size before relaxing)
 .debug_str     0x00054397       0x25 ./Src/userLed.o
                              0x5407f (size before relaxing)
 .debug_str     0x000543bc       0x3f ./Startup/startup_stm32f103c8tx.o
                                 0x7d (size before relaxing)

.comment        0x00000000       0x43
 .comment       0x00000000       0x43 ./Src/common.o
                                 0x44 (size before relaxing)
 .comment       0x00000043       0x44 ./Src/delayMs.o
 .comment       0x00000043       0x44 ./Src/main.o
 .comment       0x00000043       0x44 ./Src/stepperMotor.o
 .comment       0x00000043       0x44 ./Src/userLed.o

.debug_frame    0x00000000      0x310
 .debug_frame   0x00000000       0x38 ./Src/common.o
 .debug_frame   0x00000038       0x74 ./Src/delayMs.o
 .debug_frame   0x000000ac       0x48 ./Src/main.o
 .debug_frame   0x000000f4      0x198 ./Src/stepperMotor.o
 .debug_frame   0x0000028c       0x58 ./Src/userLed.o
 .debug_frame   0x000002e4       0x2c C:/Program Files/STM32CubeIDE/STM32CubeIDE/plugins/com.st.stm32cube.ide.mcu.externaltools.gnu-tools-for-stm32.12.3.rel1.win32_1.0.100.202403111256/tools/bin/../lib/gcc/arm-none-eabi/12.3.1/../../../../arm-none-eabi/lib/thumb/v7-m/nofp\libc_nano.a(libc_a-init.o)

.debug_line_str
                0x00000000       0x61
 .debug_line_str
                0x00000000       0x61 ./Startup/startup_stm32f103c8tx.o
