../Inc/core_cm3.h:1511:22:__NVIC_EnableIRQ	16	static
../Src/stepperMotor.c:6:6:stepperABEnable	4	static
../Src/stepperMotor.c:12:6:stepperABDisable	4	static
../Src/stepperMotor.c:18:6:stepperABInit	8	static
../Src/stepperMotor.c:49:6:stepperASetSpeed	24	static
../Src/stepperMotor.c:78:6:stepperBSetSpeed	24	static
../Src/stepperMotor.c:106:6:updatePosition	4	static
../Src/stepperMotor.c:118:6:stepperASetDir	16	static
../Src/stepperMotor.c:129:6:stepperBSetDir	16	static
../Src/stepperMotor.c:140:6:TIM2_IRQHandler	8	static
../Src/stepperMotor.c:150:6:TIM3_IRQHandler	4	static
../Src/stepperMotor.c:159:6:stepperABMove	16	static
